// Vitest Snapshot v1, https://vitest.dev/guide/snapshot.html

exports[`browser > storybook > skip HTML attributes 1`] = `
"// src/Button.tsx
import { jsxDEV } from \\"react/jsx-dev-runtime\\";
var Button = ({ children, ...props }) => /* @__PURE__ */ jsxDEV(\\"div\\", { ...props, children }, void 0, false, {
  fileName: \\"src/Button.tsx\\",
  lineNumber: 9,
  columnNumber: 3
}, this);
Button.__docgenInfo = {
  \\"tags\\": {},
  \\"filePath\\": \\"tests/tmp/bdb9826cb46d0639dd28bbb30928f45d4d061faed185312870c77618d6f37f01/src/Button.tsx\\",
  \\"description\\": \\"This is awesome component.\\",
  \\"displayName\\": \\"Button\\",
  \\"methods\\": [],
  \\"props\\": {
    \\"inputMode\\": {
      \\"defaultValue\\": null,
      \\"description\\": \\"Hints at the type of data that might be entered by the user while editing the element or its contents\\\\n@see https://html.spec.whatwg.org/multipage/interaction.html#input-modalities:-the-inputmode-attribute\\",
      \\"name\\": \\"inputMode\\",
      \\"parent\\": {
        \\"fileName\\": \\"node_modules/.pnpm/@types+react@18.2.18/node_modules/@types/react/index.d.ts\\",
        \\"name\\": \\"HTMLAttributes\\"
      },
      \\"declarations\\": [
        {
          \\"fileName\\": \\"node_modules/.pnpm/@types+react@18.2.18/node_modules/@types/react/index.d.ts\\",
          \\"name\\": \\"HTMLAttributes\\"
        }
      ],
      \\"required\\": false,
      \\"type\\": {
        \\"name\\": \\"enum\\",
        \\"raw\\": '\\"none\\" | \\"search\\" | \\"text\\" | \\"tel\\" | \\"url\\" | \\"email\\" | \\"numeric\\" | \\"decimal\\"',
        \\"value\\": [
          {
            \\"value\\": '\\"none\\"'
          },
          {
            \\"value\\": '\\"search\\"'
          },
          {
            \\"value\\": '\\"text\\"'
          },
          {
            \\"value\\": '\\"tel\\"'
          },
          {
            \\"value\\": '\\"url\\"'
          },
          {
            \\"value\\": '\\"email\\"'
          },
          {
            \\"value\\": '\\"numeric\\"'
          },
          {
            \\"value\\": '\\"decimal\\"'
          }
        ]
      }
    },
    \\"is\\": {
      \\"defaultValue\\": null,
      \\"description\\": \\"Specify that a standard HTML element should behave like a defined custom built-in element\\\\n@see https://html.spec.whatwg.org/multipage/custom-elements.html#attr-is\\",
      \\"name\\": \\"is\\",
      \\"parent\\": {
        \\"fileName\\": \\"node_modules/.pnpm/@types+react@18.2.18/node_modules/@types/react/index.d.ts\\",
        \\"name\\": \\"HTMLAttributes\\"
      },
      \\"declarations\\": [
        {
          \\"fileName\\": \\"node_modules/.pnpm/@types+react@18.2.18/node_modules/@types/react/index.d.ts\\",
          \\"name\\": \\"HTMLAttributes\\"
        }
      ],
      \\"required\\": false,
      \\"type\\": {
        \\"name\\": \\"string\\"
      }
    },
    \\"aria-activedescendant\\": {
      \\"defaultValue\\": null,
      \\"description\\": \\"Identifies the currently active element when DOM focus is on a composite widget, textbox, group, or application.\\",
      \\"name\\": \\"aria-activedescendant\\",
      \\"parent\\": {
        \\"fileName\\": \\"node_modules/.pnpm/@types+react@18.2.18/node_modules/@types/react/index.d.ts\\",
        \\"name\\": \\"AriaAttributes\\"
      },
      \\"declarations\\": [
        {
          \\"fileName\\": \\"node_modules/.pnpm/@types+react@18.2.18/node_modules/@types/react/index.d.ts\\",
          \\"name\\": \\"AriaAttributes\\"
        }
      ],
      \\"required\\": false,
      \\"type\\": {
        \\"name\\": \\"string\\"
      }
    },
    \\"aria-atomic\\": {
      \\"defaultValue\\": null,
      \\"description\\": \\"Indicates whether assistive technologies will present all, or only parts of, the changed region based on the change notifications defined by the aria-relevant attribute.\\",
      \\"name\\": \\"aria-atomic\\",
      \\"parent\\": {
        \\"fileName\\": \\"node_modules/.pnpm/@types+react@18.2.18/node_modules/@types/react/index.d.ts\\",
        \\"name\\": \\"AriaAttributes\\"
      },
      \\"declarations\\": [
        {
          \\"fileName\\": \\"node_modules/.pnpm/@types+react@18.2.18/node_modules/@types/react/index.d.ts\\",
          \\"name\\": \\"AriaAttributes\\"
        }
      ],
      \\"required\\": false,
      \\"type\\": {
        \\"name\\": \\"enum\\",
        \\"raw\\": \\"Booleanish\\",
        \\"value\\": [
          {
            \\"value\\": \\"false\\"
          },
          {
            \\"value\\": \\"true\\"
          },
          {
            \\"value\\": '\\"true\\"'
          },
          {
            \\"value\\": '\\"false\\"'
          }
        ]
      }
    },
    \\"aria-autocomplete\\": {
      \\"defaultValue\\": null,
      \\"description\\": \\"Indicates whether inputting text could trigger display of one or more predictions of the user's intended value for an input and specifies how predictions would be\\\\npresented if they are made.\\",
      \\"name\\": \\"aria-autocomplete\\",
      \\"parent\\": {
        \\"fileName\\": \\"node_modules/.pnpm/@types+react@18.2.18/node_modules/@types/react/index.d.ts\\",
        \\"name\\": \\"AriaAttributes\\"
      },
      \\"declarations\\": [
        {
          \\"fileName\\": \\"node_modules/.pnpm/@types+react@18.2.18/node_modules/@types/react/index.d.ts\\",
          \\"name\\": \\"AriaAttributes\\"
        }
      ],
      \\"required\\": false,
      \\"type\\": {
        \\"name\\": \\"enum\\",
        \\"raw\\": '\\"list\\" | \\"none\\" | \\"inline\\" | \\"both\\"',
        \\"value\\": [
          {
            \\"value\\": '\\"list\\"'
          },
          {
            \\"value\\": '\\"none\\"'
          },
          {
            \\"value\\": '\\"inline\\"'
          },
          {
            \\"value\\": '\\"both\\"'
          }
        ]
      }
    },
    \\"aria-braillelabel\\": {
      \\"defaultValue\\": null,
      \\"description\\": \\"Defines a string value that labels the current element, which is intended to be converted into Braille.\\\\n@see aria-label.\\",
      \\"name\\": \\"aria-braillelabel\\",
      \\"parent\\": {
        \\"fileName\\": \\"node_modules/.pnpm/@types+react@18.2.18/node_modules/@types/react/index.d.ts\\",
        \\"name\\": \\"AriaAttributes\\"
      },
      \\"declarations\\": [
        {
          \\"fileName\\": \\"node_modules/.pnpm/@types+react@18.2.18/node_modules/@types/react/index.d.ts\\",
          \\"name\\": \\"AriaAttributes\\"
        }
      ],
      \\"required\\": false,
      \\"type\\": {
        \\"name\\": \\"string\\"
      }
    },
    \\"aria-brailleroledescription\\": {
      \\"defaultValue\\": null,
      \\"description\\": \\"Defines a human-readable, author-localized abbreviated description for the role of an element, which is intended to be converted into Braille.\\\\n@see aria-roledescription.\\",
      \\"name\\": \\"aria-brailleroledescription\\",
      \\"parent\\": {
        \\"fileName\\": \\"node_modules/.pnpm/@types+react@18.2.18/node_modules/@types/react/index.d.ts\\",
        \\"name\\": \\"AriaAttributes\\"
      },
      \\"declarations\\": [
        {
          \\"fileName\\": \\"node_modules/.pnpm/@types+react@18.2.18/node_modules/@types/react/index.d.ts\\",
          \\"name\\": \\"AriaAttributes\\"
        }
      ],
      \\"required\\": false,
      \\"type\\": {
        \\"name\\": \\"string\\"
      }
    },
    \\"aria-checked\\": {
      \\"defaultValue\\": null,
      \\"description\\": 'Indicates the current \\"checked\\" state of checkboxes, radio buttons, and other widgets.\\\\n@see aria-pressed\\\\n@see aria-selected.',
      \\"name\\": \\"aria-checked\\",
      \\"parent\\": {
        \\"fileName\\": \\"node_modules/.pnpm/@types+react@18.2.18/node_modules/@types/react/index.d.ts\\",
        \\"name\\": \\"AriaAttributes\\"
      },
      \\"declarations\\": [
        {
          \\"fileName\\": \\"node_modules/.pnpm/@types+react@18.2.18/node_modules/@types/react/index.d.ts\\",
          \\"name\\": \\"AriaAttributes\\"
        }
      ],
      \\"required\\": false,
      \\"type\\": {
        \\"name\\": \\"enum\\",
        \\"raw\\": 'boolean | \\"true\\" | \\"false\\" | \\"mixed\\"',
        \\"value\\": [
          {
            \\"value\\": \\"false\\"
          },
          {
            \\"value\\": \\"true\\"
          },
          {
            \\"value\\": '\\"true\\"'
          },
          {
            \\"value\\": '\\"false\\"'
          },
          {
            \\"value\\": '\\"mixed\\"'
          }
        ]
      }
    },
    \\"aria-colcount\\": {
      \\"defaultValue\\": null,
      \\"description\\": \\"Defines the total number of columns in a table, grid, or treegrid.\\\\n@see aria-colindex.\\",
      \\"name\\": \\"aria-colcount\\",
      \\"parent\\": {
        \\"fileName\\": \\"node_modules/.pnpm/@types+react@18.2.18/node_modules/@types/react/index.d.ts\\",
        \\"name\\": \\"AriaAttributes\\"
      },
      \\"declarations\\": [
        {
          \\"fileName\\": \\"node_modules/.pnpm/@types+react@18.2.18/node_modules/@types/react/index.d.ts\\",
          \\"name\\": \\"AriaAttributes\\"
        }
      ],
      \\"required\\": false,
      \\"type\\": {
        \\"name\\": \\"number\\"
      }
    },
    \\"aria-colindex\\": {
      \\"defaultValue\\": null,
      \\"description\\": \\"Defines an element's column index or position with respect to the total number of columns within a table, grid, or treegrid.\\\\n@see aria-colcount\\\\n@see aria-colspan.\\",
      \\"name\\": \\"aria-colindex\\",
      \\"parent\\": {
        \\"fileName\\": \\"node_modules/.pnpm/@types+react@18.2.18/node_modules/@types/react/index.d.ts\\",
        \\"name\\": \\"AriaAttributes\\"
      },
      \\"declarations\\": [
        {
          \\"fileName\\": \\"node_modules/.pnpm/@types+react@18.2.18/node_modules/@types/react/index.d.ts\\",
          \\"name\\": \\"AriaAttributes\\"
        }
      ],
      \\"required\\": false,
      \\"type\\": {
        \\"name\\": \\"number\\"
      }
    },
    \\"aria-colindextext\\": {
      \\"defaultValue\\": null,
      \\"description\\": \\"Defines a human readable text alternative of aria-colindex.\\\\n@see aria-rowindextext.\\",
      \\"name\\": \\"aria-colindextext\\",
      \\"parent\\": {
        \\"fileName\\": \\"node_modules/.pnpm/@types+react@18.2.18/node_modules/@types/react/index.d.ts\\",
        \\"name\\": \\"AriaAttributes\\"
      },
      \\"declarations\\": [
        {
          \\"fileName\\": \\"node_modules/.pnpm/@types+react@18.2.18/node_modules/@types/react/index.d.ts\\",
          \\"name\\": \\"AriaAttributes\\"
        }
      ],
      \\"required\\": false,
      \\"type\\": {
        \\"name\\": \\"string\\"
      }
    },
    \\"aria-colspan\\": {
      \\"defaultValue\\": null,
      \\"description\\": \\"Defines the number of columns spanned by a cell or gridcell within a table, grid, or treegrid.\\\\n@see aria-colindex\\\\n@see aria-rowspan.\\",
      \\"name\\": \\"aria-colspan\\",
      \\"parent\\": {
        \\"fileName\\": \\"node_modules/.pnpm/@types+react@18.2.18/node_modules/@types/react/index.d.ts\\",
        \\"name\\": \\"AriaAttributes\\"
      },
      \\"declarations\\": [
        {
          \\"fileName\\": \\"node_modules/.pnpm/@types+react@18.2.18/node_modules/@types/react/index.d.ts\\",
          \\"name\\": \\"AriaAttributes\\"
        }
      ],
      \\"required\\": false,
      \\"type\\": {
        \\"name\\": \\"number\\"
      }
    },
    \\"aria-controls\\": {
      \\"defaultValue\\": null,
      \\"description\\": \\"Identifies the element (or elements) whose contents or presence are controlled by the current element.\\\\n@see aria-owns.\\",
      \\"name\\": \\"aria-controls\\",
      \\"parent\\": {
        \\"fileName\\": \\"node_modules/.pnpm/@types+react@18.2.18/node_modules/@types/react/index.d.ts\\",
        \\"name\\": \\"AriaAttributes\\"
      },
      \\"declarations\\": [
        {
          \\"fileName\\": \\"node_modules/.pnpm/@types+react@18.2.18/node_modules/@types/react/index.d.ts\\",
          \\"name\\": \\"AriaAttributes\\"
        }
      ],
      \\"required\\": false,
      \\"type\\": {
        \\"name\\": \\"string\\"
      }
    },
    \\"aria-current\\": {
      \\"defaultValue\\": null,
      \\"description\\": \\"Indicates the element that represents the current item within a container or set of related elements.\\",
      \\"name\\": \\"aria-current\\",
      \\"parent\\": {
        \\"fileName\\": \\"node_modules/.pnpm/@types+react@18.2.18/node_modules/@types/react/index.d.ts\\",
        \\"name\\": \\"AriaAttributes\\"
      },
      \\"declarations\\": [
        {
          \\"fileName\\": \\"node_modules/.pnpm/@types+react@18.2.18/node_modules/@types/react/index.d.ts\\",
          \\"name\\": \\"AriaAttributes\\"
        }
      ],
      \\"required\\": false,
      \\"type\\": {
        \\"name\\": \\"enum\\",
        \\"raw\\": 'boolean | \\"step\\" | \\"true\\" | \\"false\\" | \\"page\\" | \\"location\\" | \\"date\\" | \\"time\\"',
        \\"value\\": [
          {
            \\"value\\": \\"false\\"
          },
          {
            \\"value\\": \\"true\\"
          },
          {
            \\"value\\": '\\"step\\"'
          },
          {
            \\"value\\": '\\"true\\"'
          },
          {
            \\"value\\": '\\"false\\"'
          },
          {
            \\"value\\": '\\"page\\"'
          },
          {
            \\"value\\": '\\"location\\"'
          },
          {
            \\"value\\": '\\"date\\"'
          },
          {
            \\"value\\": '\\"time\\"'
          }
        ]
      }
    },
    \\"aria-describedby\\": {
      \\"defaultValue\\": null,
      \\"description\\": \\"Identifies the element (or elements) that describes the object.\\\\n@see aria-labelledby\\",
      \\"name\\": \\"aria-describedby\\",
      \\"parent\\": {
        \\"fileName\\": \\"node_modules/.pnpm/@types+react@18.2.18/node_modules/@types/react/index.d.ts\\",
        \\"name\\": \\"AriaAttributes\\"
      },
      \\"declarations\\": [
        {
          \\"fileName\\": \\"node_modules/.pnpm/@types+react@18.2.18/node_modules/@types/react/index.d.ts\\",
          \\"name\\": \\"AriaAttributes\\"
        }
      ],
      \\"required\\": false,
      \\"type\\": {
        \\"name\\": \\"string\\"
      }
    },
    \\"aria-description\\": {
      \\"defaultValue\\": null,
      \\"description\\": \\"Defines a string value that describes or annotates the current element.\\\\n@see related aria-describedby.\\",
      \\"name\\": \\"aria-description\\",
      \\"parent\\": {
        \\"fileName\\": \\"node_modules/.pnpm/@types+react@18.2.18/node_modules/@types/react/index.d.ts\\",
        \\"name\\": \\"AriaAttributes\\"
      },
      \\"declarations\\": [
        {
          \\"fileName\\": \\"node_modules/.pnpm/@types+react@18.2.18/node_modules/@types/react/index.d.ts\\",
          \\"name\\": \\"AriaAttributes\\"
        }
      ],
      \\"required\\": false,
      \\"type\\": {
        \\"name\\": \\"string\\"
      }
    },
    \\"aria-details\\": {
      \\"defaultValue\\": null,
      \\"description\\": \\"Identifies the element that provides a detailed, extended description for the object.\\\\n@see aria-describedby.\\",
      \\"name\\": \\"aria-details\\",
      \\"parent\\": {
        \\"fileName\\": \\"node_modules/.pnpm/@types+react@18.2.18/node_modules/@types/react/index.d.ts\\",
        \\"name\\": \\"AriaAttributes\\"
      },
      \\"declarations\\": [
        {
          \\"fileName\\": \\"node_modules/.pnpm/@types+react@18.2.18/node_modules/@types/react/index.d.ts\\",
          \\"name\\": \\"AriaAttributes\\"
        }
      ],
      \\"required\\": false,
      \\"type\\": {
        \\"name\\": \\"string\\"
      }
    },
    \\"aria-disabled\\": {
      \\"defaultValue\\": null,
      \\"description\\": \\"Indicates that the element is perceivable but disabled, so it is not editable or otherwise operable.\\\\n@see aria-hidden\\\\n@see aria-readonly.\\",
      \\"name\\": \\"aria-disabled\\",
      \\"parent\\": {
        \\"fileName\\": \\"node_modules/.pnpm/@types+react@18.2.18/node_modules/@types/react/index.d.ts\\",
        \\"name\\": \\"AriaAttributes\\"
      },
      \\"declarations\\": [
        {
          \\"fileName\\": \\"node_modules/.pnpm/@types+react@18.2.18/node_modules/@types/react/index.d.ts\\",
          \\"name\\": \\"AriaAttributes\\"
        }
      ],
      \\"required\\": false,
      \\"type\\": {
        \\"name\\": \\"enum\\",
        \\"raw\\": \\"Booleanish\\",
        \\"value\\": [
          {
            \\"value\\": \\"false\\"
          },
          {
            \\"value\\": \\"true\\"
          },
          {
            \\"value\\": '\\"true\\"'
          },
          {
            \\"value\\": '\\"false\\"'
          }
        ]
      }
    },
    \\"aria-dropeffect\\": {
      \\"defaultValue\\": null,
      \\"description\\": \\"Indicates what functions can be performed when a dragged object is released on the drop target.\\\\n@deprecated in ARIA 1.1\\",
      \\"name\\": \\"aria-dropeffect\\",
      \\"parent\\": {
        \\"fileName\\": \\"node_modules/.pnpm/@types+react@18.2.18/node_modules/@types/react/index.d.ts\\",
        \\"name\\": \\"AriaAttributes\\"
      },
      \\"declarations\\": [
        {
          \\"fileName\\": \\"node_modules/.pnpm/@types+react@18.2.18/node_modules/@types/react/index.d.ts\\",
          \\"name\\": \\"AriaAttributes\\"
        }
      ],
      \\"required\\": false,
      \\"type\\": {
        \\"name\\": \\"enum\\",
        \\"raw\\": '\\"link\\" | \\"none\\" | \\"copy\\" | \\"execute\\" | \\"move\\" | \\"popup\\"',
        \\"value\\": [
          {
            \\"value\\": '\\"link\\"'
          },
          {
            \\"value\\": '\\"none\\"'
          },
          {
            \\"value\\": '\\"copy\\"'
          },
          {
            \\"value\\": '\\"execute\\"'
          },
          {
            \\"value\\": '\\"move\\"'
          },
          {
            \\"value\\": '\\"popup\\"'
          }
        ]
      }
    },
    \\"aria-errormessage\\": {
      \\"defaultValue\\": null,
      \\"description\\": \\"Identifies the element that provides an error message for the object.\\\\n@see aria-invalid\\\\n@see aria-describedby.\\",
      \\"name\\": \\"aria-errormessage\\",
      \\"parent\\": {
        \\"fileName\\": \\"node_modules/.pnpm/@types+react@18.2.18/node_modules/@types/react/index.d.ts\\",
        \\"name\\": \\"AriaAttributes\\"
      },
      \\"declarations\\": [
        {
          \\"fileName\\": \\"node_modules/.pnpm/@types+react@18.2.18/node_modules/@types/react/index.d.ts\\",
          \\"name\\": \\"AriaAttributes\\"
        }
      ],
      \\"required\\": false,
      \\"type\\": {
        \\"name\\": \\"string\\"
      }
    },
    \\"aria-expanded\\": {
      \\"defaultValue\\": null,
      \\"description\\": \\"Indicates whether the element, or another grouping element it controls, is currently expanded or collapsed.\\",
      \\"name\\": \\"aria-expanded\\",
      \\"parent\\": {
        \\"fileName\\": \\"node_modules/.pnpm/@types+react@18.2.18/node_modules/@types/react/index.d.ts\\",
        \\"name\\": \\"AriaAttributes\\"
      },
      \\"declarations\\": [
        {
          \\"fileName\\": \\"node_modules/.pnpm/@types+react@18.2.18/node_modules/@types/react/index.d.ts\\",
          \\"name\\": \\"AriaAttributes\\"
        }
      ],
      \\"required\\": false,
      \\"type\\": {
        \\"name\\": \\"enum\\",
        \\"raw\\": \\"Booleanish\\",
        \\"value\\": [
          {
            \\"value\\": \\"false\\"
          },
          {
            \\"value\\": \\"true\\"
          },
          {
            \\"value\\": '\\"true\\"'
          },
          {
            \\"value\\": '\\"false\\"'
          }
        ]
      }
    },
    \\"aria-flowto\\": {
      \\"defaultValue\\": null,
      \\"description\\": \\"Identifies the next element (or elements) in an alternate reading order of content which, at the user's discretion,\\\\nallows assistive technology to override the general default of reading in document source order.\\",
      \\"name\\": \\"aria-flowto\\",
      \\"parent\\": {
        \\"fileName\\": \\"node_modules/.pnpm/@types+react@18.2.18/node_modules/@types/react/index.d.ts\\",
        \\"name\\": \\"AriaAttributes\\"
      },
      \\"declarations\\": [
        {
          \\"fileName\\": \\"node_modules/.pnpm/@types+react@18.2.18/node_modules/@types/react/index.d.ts\\",
          \\"name\\": \\"AriaAttributes\\"
        }
      ],
      \\"required\\": false,
      \\"type\\": {
        \\"name\\": \\"string\\"
      }
    },
    \\"aria-grabbed\\": {
      \\"defaultValue\\": null,
      \\"description\\": \`Indicates an element's \\"grabbed\\" state in a drag-and-drop operation.
@deprecated in ARIA 1.1\`,
      \\"name\\": \\"aria-grabbed\\",
      \\"parent\\": {
        \\"fileName\\": \\"node_modules/.pnpm/@types+react@18.2.18/node_modules/@types/react/index.d.ts\\",
        \\"name\\": \\"AriaAttributes\\"
      },
      \\"declarations\\": [
        {
          \\"fileName\\": \\"node_modules/.pnpm/@types+react@18.2.18/node_modules/@types/react/index.d.ts\\",
          \\"name\\": \\"AriaAttributes\\"
        }
      ],
      \\"required\\": false,
      \\"type\\": {
        \\"name\\": \\"enum\\",
        \\"raw\\": \\"Booleanish\\",
        \\"value\\": [
          {
            \\"value\\": \\"false\\"
          },
          {
            \\"value\\": \\"true\\"
          },
          {
            \\"value\\": '\\"true\\"'
          },
          {
            \\"value\\": '\\"false\\"'
          }
        ]
      }
    },
    \\"aria-haspopup\\": {
      \\"defaultValue\\": null,
      \\"description\\": \\"Indicates the availability and type of interactive popup element, such as menu or dialog, that can be triggered by an element.\\",
      \\"name\\": \\"aria-haspopup\\",
      \\"parent\\": {
        \\"fileName\\": \\"node_modules/.pnpm/@types+react@18.2.18/node_modules/@types/react/index.d.ts\\",
        \\"name\\": \\"AriaAttributes\\"
      },
      \\"declarations\\": [
        {
          \\"fileName\\": \\"node_modules/.pnpm/@types+react@18.2.18/node_modules/@types/react/index.d.ts\\",
          \\"name\\": \\"AriaAttributes\\"
        }
      ],
      \\"required\\": false,
      \\"type\\": {
        \\"name\\": \\"enum\\",
        \\"raw\\": 'boolean | \\"true\\" | \\"false\\" | \\"dialog\\" | \\"grid\\" | \\"listbox\\" | \\"menu\\" | \\"tree\\"',
        \\"value\\": [
          {
            \\"value\\": \\"false\\"
          },
          {
            \\"value\\": \\"true\\"
          },
          {
            \\"value\\": '\\"true\\"'
          },
          {
            \\"value\\": '\\"false\\"'
          },
          {
            \\"value\\": '\\"dialog\\"'
          },
          {
            \\"value\\": '\\"grid\\"'
          },
          {
            \\"value\\": '\\"listbox\\"'
          },
          {
            \\"value\\": '\\"menu\\"'
          },
          {
            \\"value\\": '\\"tree\\"'
          }
        ]
      }
    },
    \\"aria-hidden\\": {
      \\"defaultValue\\": null,
      \\"description\\": \\"Indicates whether the element is exposed to an accessibility API.\\\\n@see aria-disabled.\\",
      \\"name\\": \\"aria-hidden\\",
      \\"parent\\": {
        \\"fileName\\": \\"node_modules/.pnpm/@types+react@18.2.18/node_modules/@types/react/index.d.ts\\",
        \\"name\\": \\"AriaAttributes\\"
      },
      \\"declarations\\": [
        {
          \\"fileName\\": \\"node_modules/.pnpm/@types+react@18.2.18/node_modules/@types/react/index.d.ts\\",
          \\"name\\": \\"AriaAttributes\\"
        }
      ],
      \\"required\\": false,
      \\"type\\": {
        \\"name\\": \\"enum\\",
        \\"raw\\": \\"Booleanish\\",
        \\"value\\": [
          {
            \\"value\\": \\"false\\"
          },
          {
            \\"value\\": \\"true\\"
          },
          {
            \\"value\\": '\\"true\\"'
          },
          {
            \\"value\\": '\\"false\\"'
          }
        ]
      }
    },
    \\"aria-invalid\\": {
      \\"defaultValue\\": null,
      \\"description\\": \\"Indicates the entered value does not conform to the format expected by the application.\\\\n@see aria-errormessage.\\",
      \\"name\\": \\"aria-invalid\\",
      \\"parent\\": {
        \\"fileName\\": \\"node_modules/.pnpm/@types+react@18.2.18/node_modules/@types/react/index.d.ts\\",
        \\"name\\": \\"AriaAttributes\\"
      },
      \\"declarations\\": [
        {
          \\"fileName\\": \\"node_modules/.pnpm/@types+react@18.2.18/node_modules/@types/react/index.d.ts\\",
          \\"name\\": \\"AriaAttributes\\"
        }
      ],
      \\"required\\": false,
      \\"type\\": {
        \\"name\\": \\"enum\\",
        \\"raw\\": 'boolean | \\"true\\" | \\"false\\" | \\"grammar\\" | \\"spelling\\"',
        \\"value\\": [
          {
            \\"value\\": \\"false\\"
          },
          {
            \\"value\\": \\"true\\"
          },
          {
            \\"value\\": '\\"true\\"'
          },
          {
            \\"value\\": '\\"false\\"'
          },
          {
            \\"value\\": '\\"grammar\\"'
          },
          {
            \\"value\\": '\\"spelling\\"'
          }
        ]
      }
    },
    \\"aria-keyshortcuts\\": {
      \\"defaultValue\\": null,
      \\"description\\": \\"Indicates keyboard shortcuts that an author has implemented to activate or give focus to an element.\\",
      \\"name\\": \\"aria-keyshortcuts\\",
      \\"parent\\": {
        \\"fileName\\": \\"node_modules/.pnpm/@types+react@18.2.18/node_modules/@types/react/index.d.ts\\",
        \\"name\\": \\"AriaAttributes\\"
      },
      \\"declarations\\": [
        {
          \\"fileName\\": \\"node_modules/.pnpm/@types+react@18.2.18/node_modules/@types/react/index.d.ts\\",
          \\"name\\": \\"AriaAttributes\\"
        }
      ],
      \\"required\\": false,
      \\"type\\": {
        \\"name\\": \\"string\\"
      }
    },
    \\"aria-label\\": {
      \\"defaultValue\\": null,
      \\"description\\": \\"Defines a string value that labels the current element.\\\\n@see aria-labelledby.\\",
      \\"name\\": \\"aria-label\\",
      \\"parent\\": {
        \\"fileName\\": \\"node_modules/.pnpm/@types+react@18.2.18/node_modules/@types/react/index.d.ts\\",
        \\"name\\": \\"AriaAttributes\\"
      },
      \\"declarations\\": [
        {
          \\"fileName\\": \\"node_modules/.pnpm/@types+react@18.2.18/node_modules/@types/react/index.d.ts\\",
          \\"name\\": \\"AriaAttributes\\"
        }
      ],
      \\"required\\": false,
      \\"type\\": {
        \\"name\\": \\"string\\"
      }
    },
    \\"aria-labelledby\\": {
      \\"defaultValue\\": null,
      \\"description\\": \\"Identifies the element (or elements) that labels the current element.\\\\n@see aria-describedby.\\",
      \\"name\\": \\"aria-labelledby\\",
      \\"parent\\": {
        \\"fileName\\": \\"node_modules/.pnpm/@types+react@18.2.18/node_modules/@types/react/index.d.ts\\",
        \\"name\\": \\"AriaAttributes\\"
      },
      \\"declarations\\": [
        {
          \\"fileName\\": \\"node_modules/.pnpm/@types+react@18.2.18/node_modules/@types/react/index.d.ts\\",
          \\"name\\": \\"AriaAttributes\\"
        }
      ],
      \\"required\\": false,
      \\"type\\": {
        \\"name\\": \\"string\\"
      }
    },
    \\"aria-level\\": {
      \\"defaultValue\\": null,
      \\"description\\": \\"Defines the hierarchical level of an element within a structure.\\",
      \\"name\\": \\"aria-level\\",
      \\"parent\\": {
        \\"fileName\\": \\"node_modules/.pnpm/@types+react@18.2.18/node_modules/@types/react/index.d.ts\\",
        \\"name\\": \\"AriaAttributes\\"
      },
      \\"declarations\\": [
        {
          \\"fileName\\": \\"node_modules/.pnpm/@types+react@18.2.18/node_modules/@types/react/index.d.ts\\",
          \\"name\\": \\"AriaAttributes\\"
        }
      ],
      \\"required\\": false,
      \\"type\\": {
        \\"name\\": \\"number\\"
      }
    },
    \\"aria-live\\": {
      \\"defaultValue\\": null,
      \\"description\\": \\"Indicates that an element will be updated, and describes the types of updates the user agents, assistive technologies, and user can expect from the live region.\\",
      \\"name\\": \\"aria-live\\",
      \\"parent\\": {
        \\"fileName\\": \\"node_modules/.pnpm/@types+react@18.2.18/node_modules/@types/react/index.d.ts\\",
        \\"name\\": \\"AriaAttributes\\"
      },
      \\"declarations\\": [
        {
          \\"fileName\\": \\"node_modules/.pnpm/@types+react@18.2.18/node_modules/@types/react/index.d.ts\\",
          \\"name\\": \\"AriaAttributes\\"
        }
      ],
      \\"required\\": false,
      \\"type\\": {
        \\"name\\": \\"enum\\",
        \\"raw\\": '\\"off\\" | \\"assertive\\" | \\"polite\\"',
        \\"value\\": [
          {
            \\"value\\": '\\"off\\"'
          },
          {
            \\"value\\": '\\"assertive\\"'
          },
          {
            \\"value\\": '\\"polite\\"'
          }
        ]
      }
    },
    \\"aria-modal\\": {
      \\"defaultValue\\": null,
      \\"description\\": \\"Indicates whether an element is modal when displayed.\\",
      \\"name\\": \\"aria-modal\\",
      \\"parent\\": {
        \\"fileName\\": \\"node_modules/.pnpm/@types+react@18.2.18/node_modules/@types/react/index.d.ts\\",
        \\"name\\": \\"AriaAttributes\\"
      },
      \\"declarations\\": [
        {
          \\"fileName\\": \\"node_modules/.pnpm/@types+react@18.2.18/node_modules/@types/react/index.d.ts\\",
          \\"name\\": \\"AriaAttributes\\"
        }
      ],
      \\"required\\": false,
      \\"type\\": {
        \\"name\\": \\"enum\\",
        \\"raw\\": \\"Booleanish\\",
        \\"value\\": [
          {
            \\"value\\": \\"false\\"
          },
          {
            \\"value\\": \\"true\\"
          },
          {
            \\"value\\": '\\"true\\"'
          },
          {
            \\"value\\": '\\"false\\"'
          }
        ]
      }
    },
    \\"aria-multiline\\": {
      \\"defaultValue\\": null,
      \\"description\\": \\"Indicates whether a text box accepts multiple lines of input or only a single line.\\",
      \\"name\\": \\"aria-multiline\\",
      \\"parent\\": {
        \\"fileName\\": \\"node_modules/.pnpm/@types+react@18.2.18/node_modules/@types/react/index.d.ts\\",
        \\"name\\": \\"AriaAttributes\\"
      },
      \\"declarations\\": [
        {
          \\"fileName\\": \\"node_modules/.pnpm/@types+react@18.2.18/node_modules/@types/react/index.d.ts\\",
          \\"name\\": \\"AriaAttributes\\"
        }
      ],
      \\"required\\": false,
      \\"type\\": {
        \\"name\\": \\"enum\\",
        \\"raw\\": \\"Booleanish\\",
        \\"value\\": [
          {
            \\"value\\": \\"false\\"
          },
          {
            \\"value\\": \\"true\\"
          },
          {
            \\"value\\": '\\"true\\"'
          },
          {
            \\"value\\": '\\"false\\"'
          }
        ]
      }
    },
    \\"aria-multiselectable\\": {
      \\"defaultValue\\": null,
      \\"description\\": \\"Indicates that the user may select more than one item from the current selectable descendants.\\",
      \\"name\\": \\"aria-multiselectable\\",
      \\"parent\\": {
        \\"fileName\\": \\"node_modules/.pnpm/@types+react@18.2.18/node_modules/@types/react/index.d.ts\\",
        \\"name\\": \\"AriaAttributes\\"
      },
      \\"declarations\\": [
        {
          \\"fileName\\": \\"node_modules/.pnpm/@types+react@18.2.18/node_modules/@types/react/index.d.ts\\",
          \\"name\\": \\"AriaAttributes\\"
        }
      ],
      \\"required\\": false,
      \\"type\\": {
        \\"name\\": \\"enum\\",
        \\"raw\\": \\"Booleanish\\",
        \\"value\\": [
          {
            \\"value\\": \\"false\\"
          },
          {
            \\"value\\": \\"true\\"
          },
          {
            \\"value\\": '\\"true\\"'
          },
          {
            \\"value\\": '\\"false\\"'
          }
        ]
      }
    },
    \\"aria-orientation\\": {
      \\"defaultValue\\": null,
      \\"description\\": \\"Indicates whether the element's orientation is horizontal, vertical, or unknown/ambiguous.\\",
      \\"name\\": \\"aria-orientation\\",
      \\"parent\\": {
        \\"fileName\\": \\"node_modules/.pnpm/@types+react@18.2.18/node_modules/@types/react/index.d.ts\\",
        \\"name\\": \\"AriaAttributes\\"
      },
      \\"declarations\\": [
        {
          \\"fileName\\": \\"node_modules/.pnpm/@types+react@18.2.18/node_modules/@types/react/index.d.ts\\",
          \\"name\\": \\"AriaAttributes\\"
        }
      ],
      \\"required\\": false,
      \\"type\\": {
        \\"name\\": \\"enum\\",
        \\"raw\\": '\\"horizontal\\" | \\"vertical\\"',
        \\"value\\": [
          {
            \\"value\\": '\\"horizontal\\"'
          },
          {
            \\"value\\": '\\"vertical\\"'
          }
        ]
      }
    },
    \\"aria-owns\\": {
      \\"defaultValue\\": null,
      \\"description\\": \\"Identifies an element (or elements) in order to define a visual, functional, or contextual parent/child relationship\\\\nbetween DOM elements where the DOM hierarchy cannot be used to represent the relationship.\\\\n@see aria-controls.\\",
      \\"name\\": \\"aria-owns\\",
      \\"parent\\": {
        \\"fileName\\": \\"node_modules/.pnpm/@types+react@18.2.18/node_modules/@types/react/index.d.ts\\",
        \\"name\\": \\"AriaAttributes\\"
      },
      \\"declarations\\": [
        {
          \\"fileName\\": \\"node_modules/.pnpm/@types+react@18.2.18/node_modules/@types/react/index.d.ts\\",
          \\"name\\": \\"AriaAttributes\\"
        }
      ],
      \\"required\\": false,
      \\"type\\": {
        \\"name\\": \\"string\\"
      }
    },
    \\"aria-placeholder\\": {
      \\"defaultValue\\": null,
      \\"description\\": \\"Defines a short hint (a word or short phrase) intended to aid the user with data entry when the control has no value.\\\\nA hint could be a sample value or a brief description of the expected format.\\",
      \\"name\\": \\"aria-placeholder\\",
      \\"parent\\": {
        \\"fileName\\": \\"node_modules/.pnpm/@types+react@18.2.18/node_modules/@types/react/index.d.ts\\",
        \\"name\\": \\"AriaAttributes\\"
      },
      \\"declarations\\": [
        {
          \\"fileName\\": \\"node_modules/.pnpm/@types+react@18.2.18/node_modules/@types/react/index.d.ts\\",
          \\"name\\": \\"AriaAttributes\\"
        }
      ],
      \\"required\\": false,
      \\"type\\": {
        \\"name\\": \\"string\\"
      }
    },
    \\"aria-posinset\\": {
      \\"defaultValue\\": null,
      \\"description\\": \\"Defines an element's number or position in the current set of listitems or treeitems. Not required if all elements in the set are present in the DOM.\\\\n@see aria-setsize.\\",
      \\"name\\": \\"aria-posinset\\",
      \\"parent\\": {
        \\"fileName\\": \\"node_modules/.pnpm/@types+react@18.2.18/node_modules/@types/react/index.d.ts\\",
        \\"name\\": \\"AriaAttributes\\"
      },
      \\"declarations\\": [
        {
          \\"fileName\\": \\"node_modules/.pnpm/@types+react@18.2.18/node_modules/@types/react/index.d.ts\\",
          \\"name\\": \\"AriaAttributes\\"
        }
      ],
      \\"required\\": false,
      \\"type\\": {
        \\"name\\": \\"number\\"
      }
    },
    \\"aria-pressed\\": {
      \\"defaultValue\\": null,
      \\"description\\": 'Indicates the current \\"pressed\\" state of toggle buttons.\\\\n@see aria-checked\\\\n@see aria-selected.',
      \\"name\\": \\"aria-pressed\\",
      \\"parent\\": {
        \\"fileName\\": \\"node_modules/.pnpm/@types+react@18.2.18/node_modules/@types/react/index.d.ts\\",
        \\"name\\": \\"AriaAttributes\\"
      },
      \\"declarations\\": [
        {
          \\"fileName\\": \\"node_modules/.pnpm/@types+react@18.2.18/node_modules/@types/react/index.d.ts\\",
          \\"name\\": \\"AriaAttributes\\"
        }
      ],
      \\"required\\": false,
      \\"type\\": {
        \\"name\\": \\"enum\\",
        \\"raw\\": 'boolean | \\"true\\" | \\"false\\" | \\"mixed\\"',
        \\"value\\": [
          {
            \\"value\\": \\"false\\"
          },
          {
            \\"value\\": \\"true\\"
          },
          {
            \\"value\\": '\\"true\\"'
          },
          {
            \\"value\\": '\\"false\\"'
          },
          {
            \\"value\\": '\\"mixed\\"'
          }
        ]
      }
    },
    \\"aria-readonly\\": {
      \\"defaultValue\\": null,
      \\"description\\": \\"Indicates that the element is not editable, but is otherwise operable.\\\\n@see aria-disabled.\\",
      \\"name\\": \\"aria-readonly\\",
      \\"parent\\": {
        \\"fileName\\": \\"node_modules/.pnpm/@types+react@18.2.18/node_modules/@types/react/index.d.ts\\",
        \\"name\\": \\"AriaAttributes\\"
      },
      \\"declarations\\": [
        {
          \\"fileName\\": \\"node_modules/.pnpm/@types+react@18.2.18/node_modules/@types/react/index.d.ts\\",
          \\"name\\": \\"AriaAttributes\\"
        }
      ],
      \\"required\\": false,
      \\"type\\": {
        \\"name\\": \\"enum\\",
        \\"raw\\": \\"Booleanish\\",
        \\"value\\": [
          {
            \\"value\\": \\"false\\"
          },
          {
            \\"value\\": \\"true\\"
          },
          {
            \\"value\\": '\\"true\\"'
          },
          {
            \\"value\\": '\\"false\\"'
          }
        ]
      }
    },
    \\"aria-relevant\\": {
      \\"defaultValue\\": null,
      \\"description\\": \\"Indicates what notifications the user agent will trigger when the accessibility tree within a live region is modified.\\\\n@see aria-atomic.\\",
      \\"name\\": \\"aria-relevant\\",
      \\"parent\\": {
        \\"fileName\\": \\"node_modules/.pnpm/@types+react@18.2.18/node_modules/@types/react/index.d.ts\\",
        \\"name\\": \\"AriaAttributes\\"
      },
      \\"declarations\\": [
        {
          \\"fileName\\": \\"node_modules/.pnpm/@types+react@18.2.18/node_modules/@types/react/index.d.ts\\",
          \\"name\\": \\"AriaAttributes\\"
        }
      ],
      \\"required\\": false,
      \\"type\\": {
        \\"name\\": \\"enum\\",
        \\"raw\\": '\\"text\\" | \\"additions\\" | \\"additions removals\\" | \\"additions text\\" | \\"all\\" | \\"removals\\" | \\"removals additions\\" | \\"removals text\\" | \\"text additions\\" | \\"text removals\\"',
        \\"value\\": [
          {
            \\"value\\": '\\"text\\"'
          },
          {
            \\"value\\": '\\"additions\\"'
          },
          {
            \\"value\\": '\\"additions removals\\"'
          },
          {
            \\"value\\": '\\"additions text\\"'
          },
          {
            \\"value\\": '\\"all\\"'
          },
          {
            \\"value\\": '\\"removals\\"'
          },
          {
            \\"value\\": '\\"removals additions\\"'
          },
          {
            \\"value\\": '\\"removals text\\"'
          },
          {
            \\"value\\": '\\"text additions\\"'
          },
          {
            \\"value\\": '\\"text removals\\"'
          }
        ]
      }
    },
    \\"aria-required\\": {
      \\"defaultValue\\": null,
      \\"description\\": \\"Indicates that user input is required on the element before a form may be submitted.\\",
      \\"name\\": \\"aria-required\\",
      \\"parent\\": {
        \\"fileName\\": \\"node_modules/.pnpm/@types+react@18.2.18/node_modules/@types/react/index.d.ts\\",
        \\"name\\": \\"AriaAttributes\\"
      },
      \\"declarations\\": [
        {
          \\"fileName\\": \\"node_modules/.pnpm/@types+react@18.2.18/node_modules/@types/react/index.d.ts\\",
          \\"name\\": \\"AriaAttributes\\"
        }
      ],
      \\"required\\": false,
      \\"type\\": {
        \\"name\\": \\"enum\\",
        \\"raw\\": \\"Booleanish\\",
        \\"value\\": [
          {
            \\"value\\": \\"false\\"
          },
          {
            \\"value\\": \\"true\\"
          },
          {
            \\"value\\": '\\"true\\"'
          },
          {
            \\"value\\": '\\"false\\"'
          }
        ]
      }
    },
    \\"aria-roledescription\\": {
      \\"defaultValue\\": null,
      \\"description\\": \\"Defines a human-readable, author-localized description for the role of an element.\\",
      \\"name\\": \\"aria-roledescription\\",
      \\"parent\\": {
        \\"fileName\\": \\"node_modules/.pnpm/@types+react@18.2.18/node_modules/@types/react/index.d.ts\\",
        \\"name\\": \\"AriaAttributes\\"
      },
      \\"declarations\\": [
        {
          \\"fileName\\": \\"node_modules/.pnpm/@types+react@18.2.18/node_modules/@types/react/index.d.ts\\",
          \\"name\\": \\"AriaAttributes\\"
        }
      ],
      \\"required\\": false,
      \\"type\\": {
        \\"name\\": \\"string\\"
      }
    },
    \\"aria-rowcount\\": {
      \\"defaultValue\\": null,
      \\"description\\": \\"Defines the total number of rows in a table, grid, or treegrid.\\\\n@see aria-rowindex.\\",
      \\"name\\": \\"aria-rowcount\\",
      \\"parent\\": {
        \\"fileName\\": \\"node_modules/.pnpm/@types+react@18.2.18/node_modules/@types/react/index.d.ts\\",
        \\"name\\": \\"AriaAttributes\\"
      },
      \\"declarations\\": [
        {
          \\"fileName\\": \\"node_modules/.pnpm/@types+react@18.2.18/node_modules/@types/react/index.d.ts\\",
          \\"name\\": \\"AriaAttributes\\"
        }
      ],
      \\"required\\": false,
      \\"type\\": {
        \\"name\\": \\"number\\"
      }
    },
    \\"aria-rowindex\\": {
      \\"defaultValue\\": null,
      \\"description\\": \\"Defines an element's row index or position with respect to the total number of rows within a table, grid, or treegrid.\\\\n@see aria-rowcount\\\\n@see aria-rowspan.\\",
      \\"name\\": \\"aria-rowindex\\",
      \\"parent\\": {
        \\"fileName\\": \\"node_modules/.pnpm/@types+react@18.2.18/node_modules/@types/react/index.d.ts\\",
        \\"name\\": \\"AriaAttributes\\"
      },
      \\"declarations\\": [
        {
          \\"fileName\\": \\"node_modules/.pnpm/@types+react@18.2.18/node_modules/@types/react/index.d.ts\\",
          \\"name\\": \\"AriaAttributes\\"
        }
      ],
      \\"required\\": false,
      \\"type\\": {
        \\"name\\": \\"number\\"
      }
    },
    \\"aria-rowindextext\\": {
      \\"defaultValue\\": null,
      \\"description\\": \\"Defines a human readable text alternative of aria-rowindex.\\\\n@see aria-colindextext.\\",
      \\"name\\": \\"aria-rowindextext\\",
      \\"parent\\": {
        \\"fileName\\": \\"node_modules/.pnpm/@types+react@18.2.18/node_modules/@types/react/index.d.ts\\",
        \\"name\\": \\"AriaAttributes\\"
      },
      \\"declarations\\": [
        {
          \\"fileName\\": \\"node_modules/.pnpm/@types+react@18.2.18/node_modules/@types/react/index.d.ts\\",
          \\"name\\": \\"AriaAttributes\\"
        }
      ],
      \\"required\\": false,
      \\"type\\": {
        \\"name\\": \\"string\\"
      }
    },
    \\"aria-rowspan\\": {
      \\"defaultValue\\": null,
      \\"description\\": \\"Defines the number of rows spanned by a cell or gridcell within a table, grid, or treegrid.\\\\n@see aria-rowindex\\\\n@see aria-colspan.\\",
      \\"name\\": \\"aria-rowspan\\",
      \\"parent\\": {
        \\"fileName\\": \\"node_modules/.pnpm/@types+react@18.2.18/node_modules/@types/react/index.d.ts\\",
        \\"name\\": \\"AriaAttributes\\"
      },
      \\"declarations\\": [
        {
          \\"fileName\\": \\"node_modules/.pnpm/@types+react@18.2.18/node_modules/@types/react/index.d.ts\\",
          \\"name\\": \\"AriaAttributes\\"
        }
      ],
      \\"required\\": false,
      \\"type\\": {
        \\"name\\": \\"number\\"
      }
    },
    \\"aria-selected\\": {
      \\"defaultValue\\": null,
      \\"description\\": 'Indicates the current \\"selected\\" state of various widgets.\\\\n@see aria-checked\\\\n@see aria-pressed.',
      \\"name\\": \\"aria-selected\\",
      \\"parent\\": {
        \\"fileName\\": \\"node_modules/.pnpm/@types+react@18.2.18/node_modules/@types/react/index.d.ts\\",
        \\"name\\": \\"AriaAttributes\\"
      },
      \\"declarations\\": [
        {
          \\"fileName\\": \\"node_modules/.pnpm/@types+react@18.2.18/node_modules/@types/react/index.d.ts\\",
          \\"name\\": \\"AriaAttributes\\"
        }
      ],
      \\"required\\": false,
      \\"type\\": {
        \\"name\\": \\"enum\\",
        \\"raw\\": \\"Booleanish\\",
        \\"value\\": [
          {
            \\"value\\": \\"false\\"
          },
          {
            \\"value\\": \\"true\\"
          },
          {
            \\"value\\": '\\"true\\"'
          },
          {
            \\"value\\": '\\"false\\"'
          }
        ]
      }
    },
    \\"aria-setsize\\": {
      \\"defaultValue\\": null,
      \\"description\\": \\"Defines the number of items in the current set of listitems or treeitems. Not required if all elements in the set are present in the DOM.\\\\n@see aria-posinset.\\",
      \\"name\\": \\"aria-setsize\\",
      \\"parent\\": {
        \\"fileName\\": \\"node_modules/.pnpm/@types+react@18.2.18/node_modules/@types/react/index.d.ts\\",
        \\"name\\": \\"AriaAttributes\\"
      },
      \\"declarations\\": [
        {
          \\"fileName\\": \\"node_modules/.pnpm/@types+react@18.2.18/node_modules/@types/react/index.d.ts\\",
          \\"name\\": \\"AriaAttributes\\"
        }
      ],
      \\"required\\": false,
      \\"type\\": {
        \\"name\\": \\"number\\"
      }
    },
    \\"aria-sort\\": {
      \\"defaultValue\\": null,
      \\"description\\": \\"Indicates if items in a table or grid are sorted in ascending or descending order.\\",
      \\"name\\": \\"aria-sort\\",
      \\"parent\\": {
        \\"fileName\\": \\"node_modules/.pnpm/@types+react@18.2.18/node_modules/@types/react/index.d.ts\\",
        \\"name\\": \\"AriaAttributes\\"
      },
      \\"declarations\\": [
        {
          \\"fileName\\": \\"node_modules/.pnpm/@types+react@18.2.18/node_modules/@types/react/index.d.ts\\",
          \\"name\\": \\"AriaAttributes\\"
        }
      ],
      \\"required\\": false,
      \\"type\\": {
        \\"name\\": \\"enum\\",
        \\"raw\\": '\\"none\\" | \\"ascending\\" | \\"descending\\" | \\"other\\"',
        \\"value\\": [
          {
            \\"value\\": '\\"none\\"'
          },
          {
            \\"value\\": '\\"ascending\\"'
          },
          {
            \\"value\\": '\\"descending\\"'
          },
          {
            \\"value\\": '\\"other\\"'
          }
        ]
      }
    },
    \\"aria-valuemax\\": {
      \\"defaultValue\\": null,
      \\"description\\": \\"Defines the maximum allowed value for a range widget.\\",
      \\"name\\": \\"aria-valuemax\\",
      \\"parent\\": {
        \\"fileName\\": \\"node_modules/.pnpm/@types+react@18.2.18/node_modules/@types/react/index.d.ts\\",
        \\"name\\": \\"AriaAttributes\\"
      },
      \\"declarations\\": [
        {
          \\"fileName\\": \\"node_modules/.pnpm/@types+react@18.2.18/node_modules/@types/react/index.d.ts\\",
          \\"name\\": \\"AriaAttributes\\"
        }
      ],
      \\"required\\": false,
      \\"type\\": {
        \\"name\\": \\"number\\"
      }
    },
    \\"aria-valuemin\\": {
      \\"defaultValue\\": null,
      \\"description\\": \\"Defines the minimum allowed value for a range widget.\\",
      \\"name\\": \\"aria-valuemin\\",
      \\"parent\\": {
        \\"fileName\\": \\"node_modules/.pnpm/@types+react@18.2.18/node_modules/@types/react/index.d.ts\\",
        \\"name\\": \\"AriaAttributes\\"
      },
      \\"declarations\\": [
        {
          \\"fileName\\": \\"node_modules/.pnpm/@types+react@18.2.18/node_modules/@types/react/index.d.ts\\",
          \\"name\\": \\"AriaAttributes\\"
        }
      ],
      \\"required\\": false,
      \\"type\\": {
        \\"name\\": \\"number\\"
      }
    },
    \\"aria-valuenow\\": {
      \\"defaultValue\\": null,
      \\"description\\": \\"Defines the current value for a range widget.\\\\n@see aria-valuetext.\\",
      \\"name\\": \\"aria-valuenow\\",
      \\"parent\\": {
        \\"fileName\\": \\"node_modules/.pnpm/@types+react@18.2.18/node_modules/@types/react/index.d.ts\\",
        \\"name\\": \\"AriaAttributes\\"
      },
      \\"declarations\\": [
        {
          \\"fileName\\": \\"node_modules/.pnpm/@types+react@18.2.18/node_modules/@types/react/index.d.ts\\",
          \\"name\\": \\"AriaAttributes\\"
        }
      ],
      \\"required\\": false,
      \\"type\\": {
        \\"name\\": \\"number\\"
      }
    },
    \\"aria-valuetext\\": {
      \\"defaultValue\\": null,
      \\"description\\": \\"Defines the human readable text alternative of aria-valuenow for a range widget.\\",
      \\"name\\": \\"aria-valuetext\\",
      \\"parent\\": {
        \\"fileName\\": \\"node_modules/.pnpm/@types+react@18.2.18/node_modules/@types/react/index.d.ts\\",
        \\"name\\": \\"AriaAttributes\\"
      },
      \\"declarations\\": [
        {
          \\"fileName\\": \\"node_modules/.pnpm/@types+react@18.2.18/node_modules/@types/react/index.d.ts\\",
          \\"name\\": \\"AriaAttributes\\"
        }
      ],
      \\"required\\": false,
      \\"type\\": {
        \\"name\\": \\"string\\"
      }
    },
    \\"onKeyPress\\": {
      \\"defaultValue\\": null,
      \\"description\\": \\"@deprecated\\",
      \\"name\\": \\"onKeyPress\\",
      \\"parent\\": {
        \\"fileName\\": \\"node_modules/.pnpm/@types+react@18.2.18/node_modules/@types/react/index.d.ts\\",
        \\"name\\": \\"DOMAttributes\\"
      },
      \\"declarations\\": [
        {
          \\"fileName\\": \\"node_modules/.pnpm/@types+react@18.2.18/node_modules/@types/react/index.d.ts\\",
          \\"name\\": \\"DOMAttributes\\"
        }
      ],
      \\"required\\": false,
      \\"type\\": {
        \\"name\\": \\"KeyboardEventHandler<HTMLDivElement>\\"
      }
    },
    \\"onKeyPressCapture\\": {
      \\"defaultValue\\": null,
      \\"description\\": \\"@deprecated\\",
      \\"name\\": \\"onKeyPressCapture\\",
      \\"parent\\": {
        \\"fileName\\": \\"node_modules/.pnpm/@types+react@18.2.18/node_modules/@types/react/index.d.ts\\",
        \\"name\\": \\"DOMAttributes\\"
      },
      \\"declarations\\": [
        {
          \\"fileName\\": \\"node_modules/.pnpm/@types+react@18.2.18/node_modules/@types/react/index.d.ts\\",
          \\"name\\": \\"DOMAttributes\\"
        }
      ],
      \\"required\\": false,
      \\"type\\": {
        \\"name\\": \\"KeyboardEventHandler<HTMLDivElement>\\"
      }
    },
    \\"ref\\": {
      \\"defaultValue\\": null,
      \\"description\\": \\"Allows getting a ref to the component instance.\\\\nOnce the component unmounts, React will set \`ref.current\` to \`null\` (or call the ref with \`null\` if you passed a callback ref).\\\\n@see https://react.dev/learn/referencing-values-with-refs#refs-and-the-dom\\",
      \\"name\\": \\"ref\\",
      \\"parent\\": {
        \\"fileName\\": \\"node_modules/.pnpm/@types+react@18.2.18/node_modules/@types/react/index.d.ts\\",
        \\"name\\": \\"ClassAttributes\\"
      },
      \\"declarations\\": [
        {
          \\"fileName\\": \\"node_modules/.pnpm/@types+react@18.2.18/node_modules/@types/react/index.d.ts\\",
          \\"name\\": \\"ClassAttributes\\"
        }
      ],
      \\"required\\": false,
      \\"type\\": {
        \\"name\\": \\"enum\\",
        \\"raw\\": \\"LegacyRef<HTMLDivElement>\\",
        \\"value\\": [
          {
            \\"value\\": \\"string\\"
          },
          {
            \\"value\\": \\"(instance: HTMLDivElement) => void\\",
            \\"description\\": \\"\\",
            \\"fullComment\\": \\"\\",
            \\"tags\\": {}
          },
          {
            \\"value\\": \\"RefObject<HTMLDivElement>\\",
            \\"description\\": \\"\\",
            \\"fullComment\\": \\"\\",
            \\"tags\\": {}
          }
        ]
      }
    }
  }
};
export {
  Button
};
//# sourceMappingURL=index.js.map
"
`;
