// Vitest Snapshot v1, https://vitest.dev/guide/snapshot.html

exports[`browser > storybook > handles custom display name 1`] = `
"// src/Class.tsx
import { Component } from \\"react\\";
import { jsxDEV } from \\"react/jsx-dev-runtime\\";
var Button = class extends Component {
  static {
    this.displayName = \\"UiKit(Button)\\";
  }
  render() {
    const { children, onClick, prefix } = this.props;
    return /* @__PURE__ */ jsxDEV(\\"button\\", { onClick, type: \\"button\\", children: [
      prefix,
      \\" \\",
      children
    ] }, void 0, true, {
      fileName: \\"src/Class.tsx\\",
      lineNumber: 21,
      columnNumber: 7
    }, this);
  }
};
Button.__docgenInfo = {
  \\"tags\\": {},
  \\"filePath\\": \\"tests/tmp/750f0bf0c24015f6c1ea89e09da160758c29070f434cc76a65d01d7378ddd135/src/Class.tsx\\",
  \\"description\\": \\"This is awesome component.\\",
  \\"displayName\\": \\"UiKit(Button)\\",
  \\"methods\\": [],
  \\"props\\": {
    \\"onClick\\": {
      \\"defaultValue\\": null,
      \\"description\\": \\"This is click handler.\\",
      \\"name\\": \\"onClick\\",
      \\"declarations\\": [
        {
          \\"fileName\\": \\"tests/tmp/750f0bf0c24015f6c1ea89e09da160758c29070f434cc76a65d01d7378ddd135/src/Class.tsx\\",
          \\"name\\": \\"TypeLiteral\\"
        }
      ],
      \\"required\\": true,
      \\"type\\": {
        \\"name\\": \\"MouseEventHandler\\"
      }
    },
    \\"prefix\\": {
      \\"defaultValue\\": null,
      \\"description\\": \\"\\",
      \\"name\\": \\"prefix\\",
      \\"declarations\\": [
        {
          \\"fileName\\": \\"tests/tmp/750f0bf0c24015f6c1ea89e09da160758c29070f434cc76a65d01d7378ddd135/src/Class.tsx\\",
          \\"name\\": \\"TypeLiteral\\"
        }
      ],
      \\"required\\": false,
      \\"type\\": {
        \\"name\\": \\"string\\"
      }
    }
  }
};

// src/Function.tsx
import { jsxDEV as jsxDEV2 } from \\"react/jsx-dev-runtime\\";
var Button2 = ({ children, onClick, prefix }) => /* @__PURE__ */ jsxDEV2(\\"button\\", { onClick, type: \\"button\\", children: [
  prefix,
  \\" \\",
  children
] }, void 0, true, {
  fileName: \\"src/Function.tsx\\",
  lineNumber: 15,
  columnNumber: 3
}, this);
Button2.displayName = \\"UiKit(Button)\\";
Button2.__docgenInfo = {
  \\"tags\\": {},
  \\"filePath\\": \\"tests/tmp/750f0bf0c24015f6c1ea89e09da160758c29070f434cc76a65d01d7378ddd135/src/Function.tsx\\",
  \\"description\\": \\"This is awesome component.\\",
  \\"displayName\\": \\"UiKit(Button)\\",
  \\"methods\\": [],
  \\"props\\": {
    \\"onClick\\": {
      \\"defaultValue\\": null,
      \\"description\\": \\"This is click handler.\\",
      \\"name\\": \\"onClick\\",
      \\"declarations\\": [
        {
          \\"fileName\\": \\"tests/tmp/750f0bf0c24015f6c1ea89e09da160758c29070f434cc76a65d01d7378ddd135/src/Function.tsx\\",
          \\"name\\": \\"TypeLiteral\\"
        }
      ],
      \\"required\\": true,
      \\"type\\": {
        \\"name\\": \\"MouseEventHandler\\"
      }
    },
    \\"prefix\\": {
      \\"defaultValue\\": null,
      \\"description\\": \\"\\",
      \\"name\\": \\"prefix\\",
      \\"declarations\\": [
        {
          \\"fileName\\": \\"tests/tmp/750f0bf0c24015f6c1ea89e09da160758c29070f434cc76a65d01d7378ddd135/src/Function.tsx\\",
          \\"name\\": \\"TypeLiteral\\"
        }
      ],
      \\"required\\": false,
      \\"type\\": {
        \\"name\\": \\"string\\"
      }
    }
  }
};
export {
  Button as ClassButton,
  Button2 as FunctionButton
};
//# sourceMappingURL=index.js.map
"
`;
